[12:08:47] [INFO] Program uruchomiony
[12:08:50] [INFO] Wybrano moduł: Bazy danych
[12:08:52] [INFO] Wybrano moduł: Firebird
[12:08:53] [INFO] Wybrano moduł: Kamsoft
[12:08:53] [INFO] Wybrano moduł: Diagnostyka
[12:08:55] [INFO] Wybrano moduł: Narzędzia
[12:08:55] [INFO] Wybrano moduł: Raporty
[12:08:56] [INFO] Wybrano moduł: Ustawienia
[12:08:57] [INFO] Wybrano moduł: Dashboard
[12:08:59] [INFO] Wybrano moduł: Bazy danych
[12:15:31] [INFO] Ustawienia załadowane
[12:15:31] [INFO] Program uruchomiony
[12:15:34] [INFO] Wybrano moduł: Bazy danych
[12:15:37] [INFO] Wybrano moduł: Firebird
[12:15:38] [INFO] Wybrano moduł: Kamsoft
[12:15:38] [INFO] Wybrano moduł: Diagnostyka
[12:15:38] [INFO] Wybrano moduł: Narzędzia
[12:15:39] [INFO] Wybrano moduł: Raporty
[12:15:39] [INFO] Wybrano moduł: Ustawienia
[13:07:45] [INFO] Ustawienia załadowane
[13:07:45] [INFO] Program uruchomiony
[13:07:49] [INFO] Wybrano moduł: Bazy danych
[13:07:52] [INFO] Wybrano moduł: Kamsoft
[13:07:53] [INFO] Wybrano moduł: Firebird
[13:07:53] [INFO] Wybrano moduł: Kamsoft
[13:07:54] [INFO] Wybrano moduł: Diagnostyka
[13:07:55] [INFO] Wybrano moduł: Narzędzia
[13:07:55] [INFO] Wybrano moduł: Raporty
[13:07:56] [INFO] Wybrano moduł: Ustawienia
