[13:41:25] [INFO] Ustawienia załadowane
[13:41:26] [INFO] Wybrano moduł: Dashboard
[13:41:26] [INFO] Program uruchomiony.
[13:43:20] [INFO] Ustawienia załadowane
[13:43:20] [INFO] Wybrano moduł: Dashboard
[13:43:20] [INFO] Program uruchomiony.
[13:45:26] [INFO] Ustawienia załadowane
[13:45:26] [INFO] Wybrano moduł: Dashboard
[13:45:26] [INFO] Program uruchomiony.
[13:57:16] [INFO] Ustawienia załadowane
[13:57:17] [INFO] Wybrano moduł: Dashboard
[13:57:17] [INFO] Program uruchomiony.
[14:04:52] [INFO] Ustawienia załadowane
[14:04:52] [INFO] Wybrano moduł: Dashboard
[14:04:52] [INFO] Program uruchomiony.
[15:40:12] [INFO] Ustawienia załadowane
[17:29:22] [INFO] Ustawienia załadowane
[17:29:23] [INFO] Wybrano moduł: Dashboard
[17:29:23] [INFO] Program uruchomiony.
[17:29:31] [INFO] Wybrano moduł: Firebird
[17:29:39] [INFO] Wybrano moduł: Kamsoft
[17:29:40] [INFO] Wybrano moduł: Sieć
[17:29:41] [INFO] Wybrano moduł: Drukarki
[17:29:41] [INFO] Wybrano moduł: Raporty
[17:29:42] [INFO] Wybrano moduł: Windows
[17:29:43] [INFO] Wybrano moduł: Ustawienia
[17:29:52] [INFO] Wybrano moduł: Firebird
[17:48:11] [INFO] Ustawienia załadowane
[17:48:12] [INFO] Wybrano moduł: Dashboard
[17:48:12] [INFO] Program uruchomiony.
